// Jest Snapshot v1, https://goo.gl/fbAQLP

exports[`Function discoverAll 1`] = `
"- name: Book
  cacheKey: b44e0f68146acb946dab46987c547d2664ce6088
  application:
    commands:
      - name: Create
        context: Book
    queries:
      - name: GetById
        context: Book
    dtos:
      - name: ArrayItemsTestDto
        context: Book
        path: Application/Book/Dto/ArrayItemsTestDto
      - name: BookDto
        context: Book
        path: Application/Book/Dto/BookDto
      - name: FloatTestDto
        context: Book
        path: Application/Book/Dto/FloatTestDto
      - name: IntTestDto
        context: Book
        path: Application/Book/Dto/IntTestDto
      - name: StringTestDto
        context: Book
        path: Application/Book/Dto/StringTestDto
      - name: TestTransformDto
        context: Book
        path: Application/Book/Dto/TestTransformDto
      - name: UIntTestDto
        context: Book
        path: Application/Book/Dto/UIntTestDto
    services:
      - name: BookInfraPort
        context: Book
        path: Application/Book/Service/BookInfraPort
        isInjectable: false
      - name: BookService
        context: Book
        path: Application/Book/Service/BookService
        isInjectable: true
  domain:
    aggregateRoots:
      - name: Book
        entities:
          - name: BookCopy
            aggregateRootName: Book
        valueObjects:
          - name: BookCopyId
            context: Book
            shared: true
          - name: BookId
            context: Book
            shared: true
    valueObjects:
      - name: FeatureSharedValueObject
        context: ''
        shared: true
  infrastructure:
    module:
      name: BookInfraModule
      path: Infrastructure/BookInfraModule
      filePath: Infrastructure/BookInfraModule.ts
"
`;

exports[`Function hObjectMap 1`] = `
"- Application/Book/Command/Create/BookCreateCommand.ts:
    name: Create
    context: Book
    className: BookCreateCommand
    handlerClass: BookCreateCommandHandler
    path: Application/Book/Command/Create
  Application/Book/Query/GetById/BookGetByIdQuery.ts:
    name: GetById
    context: Book
    className: BookGetByIdQuery
    handlerClass: BookGetByIdQueryHandler
    path: Application/Book/Query/GetById
  Application/Book/Dto/ArrayItemsTestDto.ts:
    name: ArrayItemsTestDto
    context: Book
    path: Application/Book/Dto/ArrayItemsTestDto
    layer: application
  Application/Book/Dto/BookDto.ts:
    name: BookDto
    context: Book
    path: Application/Book/Dto/BookDto
    layer: application
  Application/Book/Dto/FloatTestDto.ts:
    name: FloatTestDto
    context: Book
    path: Application/Book/Dto/FloatTestDto
    layer: application
  Application/Book/Dto/IntTestDto.ts:
    name: IntTestDto
    context: Book
    path: Application/Book/Dto/IntTestDto
    layer: application
  Application/Book/Dto/StringTestDto.ts:
    name: StringTestDto
    context: Book
    path: Application/Book/Dto/StringTestDto
    layer: application
  Application/Book/Dto/TestTransformDto.ts:
    name: TestTransformDto
    context: Book
    path: Application/Book/Dto/TestTransformDto
    layer: application
  Application/Book/Dto/UIntTestDto.ts:
    name: UIntTestDto
    context: Book
    path: Application/Book/Dto/UIntTestDto
    layer: application
  Domain/Book/Shared/ValueObject/BookCopyId.ts:
    name: BookCopyId
    context: Book
    shared: true
  Domain/Book/Shared/ValueObject/BookId.ts:
    name: BookId
    context: Book
    shared: true
  Domain/Shared/ValueObject/FeatureSharedValueObject.ts:
    name: FeatureSharedValueObject
    context: ''
    shared: true
"
`;
