// Jest Snapshot v1, https://goo.gl/fbAQLP

exports[`Function discoverAll 1`] = `
Map {
  "Book" => {
    "application": {
      "commands": [
        {
          "className": "BookCreateCommand",
          "context": "Book",
          "handlerClassName": "BookCreateCommandHandler",
          "name": "Create",
          "path": "Application/Book/Command/Create",
        },
      ],
      "events": [],
      "queries": [
        {
          "className": "BookGetByIdQuery",
          "context": "Book",
          "handlerClassName": "BookGetByIdQueryHandler",
          "name": "GetById",
          "path": "Application/Book/Query/GetById",
        },
      ],
      "services": [
        {
          "className": "BookInfraPort",
          "context": "Book",
          "isInjectable": false,
          "path": "Application/Book/Service/BookInfraPort",
        },
        {
          "className": "BookService",
          "context": "Book",
          "isInjectable": true,
          "path": "Application/Book/Service/BookService",
        },
      ],
    },
    "cacheKey": "7a7e06e234e8d33002e7d6d539fdbe522521291c",
    "infrastructure": {
      "module": {
        "className": "BookInfrastructureModule",
        "path": "Infrastructure/BookInfrastructureModule",
      },
    },
  },
}
`;
