// Jest Snapshot v1, https://goo.gl/fbAQLP

exports[`Function extract 1`] = `
[
  "optionalField?: string",
  "numberField!: number",
  "stringField!: string",
  "booleanField!: boolean",
  "bigintField!: bigint",
  "primitiveArrayField!: string[]",
  "uintField!: v.uint",
  "ruleWithArgsField!: v.int.between<-10,100>",
  "ruleArrayField!: v.int.between<-10,100>[]",
  "ruleArrayWithItemsField!: v.int.between<-10,100>[] & v.items.between<2,5>",
  "hObjField!: RefId",
  "hObjArrayField!: RefId[]",
]
`;
